
========================[ Dec 13, 2006  9:25 AM ]========================
Version 2.2.15 [Oct-15-2006]
Started database file "hairpin.fa"
NOTE: CoreLib [002.003] FileOpen("C:\Documents and Settings\juhur\FORMATDB.INI","r") failed
NOTE: CoreLib [002.003] FileOpen("C:\WINDOWS\FORMATDB.INI","r") failed
NOTE: [000.000] No number of link bits used found in config  file. Ignoring
NOTE: [000.000] No number of membership bits used found in config file. Ignoring
Formatted 4361 sequences in volume 0
SUCCESS: formatted database haripin

========================[ Dec 13, 2006 10:38 AM ]========================
Version 2.2.15 [Oct-15-2006]
Started database file "hairpin.fa"
NOTE: CoreLib [002.003] FileOpen("C:\Documents and Settings\juhur\FORMATDB.INI","r") failed
NOTE: CoreLib [002.003] FileOpen("C:\WINDOWS\FORMATDB.INI","r") failed
NOTE: [000.000] No number of link bits used found in config  file. Ignoring
NOTE: [000.000] No number of membership bits used found in config file. Ignoring
Formatted 4361 sequences in volume 0
SUCCESS: formatted database mirna

========================[ Dec 13, 2006  1:22 PM ]========================
Version 2.2.15 [Oct-15-2006]
Started database file "hairpin.fa"
NOTE: CoreLib [002.003] FileOpen("C:\Documents and Settings\juhur\FORMATDB.INI","r") failed
NOTE: CoreLib [002.003] FileOpen("C:\WINDOWS\FORMATDB.INI","r") failed
NOTE: [000.000] No number of link bits used found in config  file. Ignoring
NOTE: [000.000] No number of membership bits used found in config file. Ignoring
Formatted 4361 sequences in volume 0
SUCCESS: formatted database mirna

========================[ Dec 13, 2006  1:58 PM ]========================
Version 2.2.15 [Oct-15-2006]
Started database file "hairpin.fa"
NOTE: CoreLib [002.003] FileOpen("C:\Documents and Settings\juhur\FORMATDB.INI","r") failed
NOTE: CoreLib [002.003] FileOpen("C:\WINDOWS\FORMATDB.INI","r") failed
NOTE: [000.000] No number of link bits used found in config  file. Ignoring
NOTE: [000.000] No number of membership bits used found in config file. Ignoring
Formatted 4361 sequences in volume 0
SUCCESS: formatted database mirna

========================[ Dec 13, 2006  2:14 PM ]========================
Version 2.2.15 [Oct-15-2006]
Started database file "hairpin.fa"
NOTE: CoreLib [002.003] FileOpen("C:\Documents and Settings\juhur\FORMATDB.INI","r") failed
NOTE: CoreLib [002.003] FileOpen("C:\WINDOWS\FORMATDB.INI","r") failed
NOTE: [000.000] No number of link bits used found in config  file. Ignoring
NOTE: [000.000] No number of membership bits used found in config file. Ignoring
Formatted 4361 sequences in volume 0
SUCCESS: formatted database mirna

========================[ Dec 13, 2006  2:18 PM ]========================
Version 2.2.15 [Oct-15-2006]
Started database file "hairpin.fa"
NOTE: CoreLib [002.003] FileOpen("C:\Documents and Settings\juhur\FORMATDB.INI","r") failed
NOTE: CoreLib [002.003] FileOpen("C:\WINDOWS\FORMATDB.INI","r") failed
NOTE: [000.000] No number of link bits used found in config  file. Ignoring
NOTE: [000.000] No number of membership bits used found in config file. Ignoring
Formatted 4361 sequences in volume 0
SUCCESS: formatted database mirna
