	Overall Quality	Effective Organization	Audiovisual Aids	Clarity of Presentation	Effective Explanation	Helpful Responses	Mastery	Liked	Suggestion
Evaluator#1	8	8	9	7	8	7	8	Nice organisation	The model was not too clear
Evaluator#2	9	8	10	10	9	10	10	The motion pictures. ^^	Your presentation is too fast to follow. I mean you speak too fast. Please slow down a little bit, 
Evaluator#3	9	10	10	10	8	10	10	__	I think the explanation of the biological mechanism overshadowed the actual project. Maybe more detail/emphasis on the project? 
Evaluator#4	9	9	9	9	9	9	8	Explanation of the background biology	__
Evaluator#5	10	10	10	10	10	10	10	She has chosen an interesting topic for research. Was clear about explaining the concepts involved.Good presenatation (including animation)	Could include more information about the actual crossover inteference itself when she does her final presenatation.
Evaluator#6	9	9	10	9	8	8	9	Organization was good. 	Could have explained in more detail exactly what would be done in THIS project. Too much background, not enough explanation of speaker's role.
Evaluator#7	10	10	8	10	10	10	10	Very well prepared oral presentation.  Lalitha's speaking abilities are very good.	Double check the presentation in SlideShow mode before presenting.
Evaluator#8	8	6	9	10	10	7	6	Interesting Model	Need better explanation on the models and interpretation
Evaluator#9	10	10	10	10	10	10	10	__	__

	9.1	8.9	9.4	9.4	9.1	9.0	9.0