	Overall Quality	Effective Organization	Audiovisual Aids	Clarity of Presentation	Effective Explanation	Helpful Responses	Mastery	Liked	Suggestion
Evaluator#1	8	8	8	8	8	8	8	__	__
Evaluator#2	10	10	9	7	7	8	10	The presentation as a whole was prepared well.  Great job!	Some referencing of specifics back to the overall project.  Sometimes I got lost in some of the details and had to think deeply as to its connection with the bigger picture.
Evaluator#3	9	9	10	10	9	10	9	Good effort to refine the dataset. 	__
Evaluator#4	10	10	10	10	10	10	10	Great Effort. Best of Luck!!!!!	__
Evaluator#5	5	5	5	4	4	5	5	__	Could have made it more clear and interesting.
Evaluator#6	10	9	9	8	8	10	10	Overall, I like the presentation. It created a good impression. 	Maybe it's not fair that the division of labor left Sumit with mostly introductory material, because it's more difficult to follow without concrete examples.I missed the point of the project initially, so maybe more emphasis on effective explanation...?Like making the main point stand out on a separate slide, so the listener can easily catch on.
Evaluator#7	10	10	10	10	10	10	10	The presentation was well done, and the presenter was well prepared. 	None.
Evaluator#8	9	9	8	9	10	10	10	Good job. I like it. 	__
Evaluator#9	8	7	9	10	10	7	9	The statistical analysis was good	More information towards application and motivation should be given

	8.8	8.6	8.7	8.4	8.4	8.7	9.0