8 sequence; length of alignment 83
alifold output
   20    65  0 100.0%   0.000 GC:8   
   29    56  0  99.0%   0.031 GU:1    AU:7   
   21    64  0 100.0%   0.001 CG:8   
   18    67  0 100.0%   0.000 GC:8   
   19    66  0 100.0%   0.001 AU:8   
   30    55  0  99.9%   0.002 CG:8   
   15    69  0  99.7%   0.016 GC:8   
   22    63  0  99.7%   0.012 CG:8   
   14    70  0  99.3%   0.024 CG:8   
   31    54  0  99.2%   0.026 AU:8   
   27    58  0  98.5%   0.051 GC:8   
   26    59  0  98.2%   0.060 CG:8   
   17    68  0  96.7%   0.213 CG:4    UG:4   
   13    71  0  94.8%   0.153 GU:4    AU:4   
   34    51  0  93.1%   0.206 GU:1    AU:7   
   32    53  0  93.8%   0.192 AU:8   
   35    50  0  90.6%   0.269 CG:8   
    9    75  1  25.3%   1.123 CG:6    UG:1    +
   10    74  3  24.6%   1.138 CG:4    UA:1    +
    6    78  0  13.4%   0.858 UG:3    UA:1    --:4    +
    7    77  0  13.1%   0.824 UA:4    --:4    +
    5    79  1  12.5%   0.811 CG:3    --:4    +
    4    80  0   8.2%   0.621 AU:4    --:4    +
   16    68  2   3.1%   0.366 CG:1    UG:5    +
   10    75  0   1.8%   0.917 CG:5    UG:3    +
    7    78  0   0.2%   0.592 UG:3    UA:1    --:4    +
    6    79  0   0.2%   0.578 UG:3    UA:1    --:4    +
   11    74  3   0.6%   0.438 CG:3    UG:1    UA:1    +
    6    77  0   0.2%   0.580 UA:4    --:4    +
   37    42  1   0.2%   0.034 GC:3    UA:4    +
   68    76  0   0.1%   0.164 GC:8    +
   69    75  0   0.1%   0.444 CG:8    +
    5    78  1   0.3%   0.589 CG:3    --:4    +
............(((.((((((...((.((((.((..............)).)))).))...)))))))))............
