


 CLUSTAL W (1.83) Multiple Sequence Alignments



Sequence format is Pearson
Sequence 1: hsa-mir-375         64 bp
Sequence 2: mmu-mir-375         64 bp
Sequence 3: dre-mir-375-1       80 bp
Sequence 4: dre-mir-375-2       83 bp
Sequence 5: fru-mir-375         77 bp
Sequence 6: tni-mir-375         77 bp
Sequence 7: gga-mir-375         65 bp
Sequence 8: mdo-mir-375         63 bp
Start of Pairwise alignments
Aligning...
Sequences (1:2) Aligned. Score:  100
Sequences (1:3) Aligned. Score:  67
Sequences (1:4) Aligned. Score:  76
Sequences (1:5) Aligned. Score:  71
Sequences (1:6) Aligned. Score:  71
Sequences (1:7) Aligned. Score:  85
Sequences (1:8) Aligned. Score:  98
Sequences (2:3) Aligned. Score:  67
Sequences (2:4) Aligned. Score:  76
Sequences (2:5) Aligned. Score:  71
Sequences (2:6) Aligned. Score:  71
Sequences (2:7) Aligned. Score:  85
Sequences (2:8) Aligned. Score:  98
Sequences (3:4) Aligned. Score:  83
Sequences (3:5) Aligned. Score:  87
Sequences (3:6) Aligned. Score:  87
Sequences (3:7) Aligned. Score:  69
Sequences (3:8) Aligned. Score:  68
Sequences (4:5) Aligned. Score:  90
Sequences (4:6) Aligned. Score:  90
Sequences (4:7) Aligned. Score:  80
Sequences (4:8) Aligned. Score:  77
Sequences (5:6) Aligned. Score:  100
Sequences (5:7) Aligned. Score:  73
Sequences (5:8) Aligned. Score:  73
Sequences (6:7) Aligned. Score:  73
Sequences (6:8) Aligned. Score:  73
Sequences (7:8) Aligned. Score:  84
Guide tree        file created:   [/var/www/htdocs/miRNA/outDir/MIPF0000114_hairpin.dnd]
Start of Multiple Alignment
There are 7 groups
Aligning...
Group 1: Sequences:   2      Score:1216
Group 2: Sequences:   3      Score:1178
Group 3: Sequences:   4      Score:1043
Group 4: Sequences:   2      Score:1463
Group 5: Sequences:   3      Score:1311
Group 6: Sequences:   4      Score:1316
Group 7: Sequences:   8      Score:918
Alignment Score 8604
CLUSTAL-Alignment file created  [/var/www/htdocs/miRNA/outDir/MIPF0000114_hairpin.aln]
