3 sequence; length of alignment 125
alifold output
   57    68  0  99.8%   0.005 GC:1    GU:1    AU:1   
   40    85  0 100.0%   0.000 CG:2    AU:1   
   39    86  0 100.0%   0.000 CG:2    UG:1   
   37    88  0 100.0%   0.000 CG:2    UG:1   
   34    91  0  99.0%   0.050 CG:1    UG:1    UA:1   
   47    78  0 100.0%   0.001 CG:1    UA:2   
   35    90  0 100.0%   0.002 CG:1    UA:2   
   41    84  0 100.0%   0.002 GC:1    AU:2   
   54    71  0  99.9%   0.002 CG:2    UG:1   
   42    83  0  99.8%   0.009 GU:2    AU:1   
   43    82  0  99.7%   0.013 GU:1    AU:2   
   46    79  0 100.0%   0.002 GC:3   
   36    89  0  99.9%   0.002 AU:3   
   38    87  0  99.9%   0.002 UA:3   
   55    70  0  99.7%   0.008 AU:3   
   48    77  1  99.8%   0.005 GC:2   
   45    80  1  99.7%   0.012 GC:2   
   49    76  1  98.8%   0.037 CG:1    UG:1   
   56    69  1  99.1%   0.027 UA:2   
   58    67  0  98.0%   0.062 UA:3   
   44    81  1  98.0%   0.065 GU:1    AU:1   
   26    99  0  94.0%   0.514 GC:2    GU:1   
   25   100  0  93.9%   0.547 UG:1    UA:2   
   24   101  0  93.9%   0.544 GC:3   
   27    98  0  92.8%   0.536 UG:2    UA:1   
   31    94  0  91.3%   0.406 GU:3   
   50    75  1  91.2%   0.253 CG:1    UG:1   
   53    72  1  90.8%   0.263 GU:1    UA:1   
   32    93  1  89.6%   0.561 CG:2   
   51    74  1  86.3%   0.381 AU:2   
   28    97  0  85.2%   0.434 AU:3   
   30    95  0  82.3%   0.646 UA:3   
    8   121  0  74.4%   1.310 CG:2    --:1   
    7   122  0  74.2%   1.326 AU:2    --:1   
    6   123  0  74.2%   1.332 CG:2    --:1   
    9   120  0  73.5%   1.082 CG:2    --:1   
   23   103  0  69.5%   1.391 AU:1    UA:2   
   22   104  1  70.7%   1.136 GC:2   
    5   124  0  67.6%   1.428 CG:2    --:1   
   21   105  0  57.9%   1.346 UA:3   
   10   119  1  41.4%   1.668 AU:1    --:1    +
   11   118  1  20.9%   1.511 UG:1    --:1    +
    6   120  0  20.0%   1.463 CG:2    --:1    +
    5   121  0  19.9%   1.484 CG:2    --:1    +
    7   119  0  18.8%   1.738 AU:2    --:1    +
    4   122  1  18.3%   1.412 AU:1    --:1    +
    3   123  1  18.1%   1.187 CG:1    --:1    +
   23   102  1  16.2%   1.344 UA:2    +
    2   124  1  16.1%   1.168 CG:1    --:1    +
    8   118  1  14.0%   1.588 CG:1    --:1    +
    1   125  0  12.5%   1.008 GC:1    --:2    +
    4   125  1   9.4%   1.242 --:2    +
   30   100  0   5.3%   0.721 UG:1    UA:2    +
   31    99  0   5.2%   0.608 GC:2    GU:1    +
   29   101  0   5.3%   0.558 GC:3    +
   26   104  0   5.3%   0.832 GC:3    +
   25   105  0   5.2%   0.932 UA:3    +
   24   106  1   5.0%   0.634 GC:1    GU:1    +
   14   113  0   4.6%   0.621 GC:2    --:1    +
   27   103  1   5.0%   0.810 UA:2    +
   32    98  1   5.0%   0.619 CG:2    +
   33    93  0   3.3%   0.452 CG:2    UA:1    +
   23   107  1   3.4%   1.090 UG:1    UA:1    +
   21   107  0   2.2%   0.838 UG:2    UA:1    +
   15   112  1   3.6%   0.469 CG:1    --:1    +
  110   118  1   2.7%   0.996 CG:1    AU:1    +
   22   108  1   3.2%   0.747 GU:2    +
   21   109  0   2.6%   0.830 UA:3    +
  112   119  0   1.5%   1.181 GU:1    AU:1    --:1    +
   22   106  1   2.4%   0.785 GC:1    AU:1    +
   13   116  1   2.7%   0.479 AU:1    --:1    +
   14   115  0   2.1%   0.501 GU:2    --:1    +
  108   116  1   1.8%   0.488 GU:1    UA:1    +
  109   119  1   2.0%   1.202 AU:2    +
   27   100  0   0.5%   0.511 UG:1    UA:2    +
  112   117  0   0.3%   0.434 GU:1    AU:1    --:1    +
   33    91  0   0.2%   0.161 CG:2    UA:1    +
  111   117  1   1.7%   0.344 AU:1    --:1    +
  109   115  1   1.5%   0.467 AU:2    +
  114   119  0   0.6%   0.985 AU:2    --:1    +
   24   104  0   0.6%   0.712 GC:3    +
   13   117  0   0.6%   0.367 AU:2    --:1    +
  113   118  1   1.1%   1.076 CG:1    --:1    +
  107   117  1   1.1%   0.491 GU:2    +
   23   105  1   1.0%   1.298 UA:2    +
   26   101  0   0.5%   0.508 GC:3    +
   25   102  0   0.5%   0.598 UA:3    +
  113   120  0   0.4%   0.846 CG:2    --:1    +
   11   114  0   0.3%   0.468 UA:2    --:1    +
    9   123  0   0.3%   0.843 CG:2    --:1    +
   92    97  0   0.3%   0.201 AU:3    +
   12   120  0   0.3%   0.658 CG:2    --:1    +
   11   121  0   0.3%   0.979 UG:2    --:1    +
    8   124  0   0.3%   1.107 CG:2    --:1    +
   13   119  0   0.2%   1.049 AU:2    --:1    +
  114   122  0   0.2%   0.645 AU:2    --:1    +
  113   123  0   0.2%   0.806 CG:2    --:1    +
  115   121  0   0.2%   0.755 UG:2    --:1    +
   17    23  1   0.1%   0.744 GU:1    AU:1    +
   30    96  0   0.1%   0.344 UA:3    +
    9    14  0   0.1%   0.517 CG:2    --:1    +
   12   118  1   0.5%   0.868 CG:1    --:1    +
  112   116  1   0.4%   0.485 AU:1    --:1    +
   11   116  1   0.3%   0.636 UA:1    --:1    +
   10   122  1   0.3%   1.000 AU:1    --:1    +
   10   117  1   0.3%   0.620 AU:1    --:1    +
   14   116  1   0.2%   0.499 GU:1    --:1    +
  105   119  1   0.2%   1.428 AU:2    +
   10   115  1   0.2%   0.593 AU:1    --:1    +
   25   103  1   0.1%   0.671 UA:2    +
  112   118  1   0.1%   1.035 GU:1    --:1    +
    9   118  1   0.1%   1.063 CG:1    --:1    +
....(((((,..........{(((((((.(((.((((((((((((((((((.((((((........)))))).)))))))))))))))))).))).))))).))}............,}))))).
