	Overall Quality	Liked	Suggestion
Evaluator#1	7	__	__
Evaluator#2	10	__	A little more help on the webpage regarding your sequence format
Evaluator#3	10	__	__
Evaluator#4	8	__	__
Evaluator#5	6	__	__
Evaluator#6	9	shows cutting site on both strands	__
Evaluator#7	9	easy to read	cutting position for both strands
Evaluator#8	9	Good interface. Good results.	Result page was a little crowded.
Evaluator#9	9	__	__
Evaluator#10	8	Good interface.	Results are a little crowded.
Evaluator#11	9	The simplicity of the interface	__
Evaluator#12	8	__	__
Evaluator#13	8	Interface	What happens if the recognition site is not a palindrome
Evaluator#14	9	The design is pretty	The test is failed for the follow seq and enzyme
Evaluator#15	9	The design is pretty	The test is failed for the follow seq and enzyme
Evaluator#16	8	__	__
Evaluator#17	5	__	They didnt translate n etc into ACTG of restriction site of enzyme before searching in the data, and again no default value is defined in case both of the inputs are given

	8.3